org\springframework\ai\document\DocumentReader.class
org\springframework\ai\vectorstore\filter\antlr4\FiltersParser$TextConstantContext.class
org\springframework\ai\model\ModelResult.class
org\springframework\ai\vectorstore\filter\Filter.class
org\springframework\ai\vectorstore\filter\antlr4\FiltersParser$CompareContext.class
org\springframework\ai\chat\metadata\PromptMetadata.class
org\springframework\ai\chat\messages\MessageType.class
org\springframework\ai\vectorstore\filter\antlr4\FiltersParser$ConstantContext.class
org\springframework\ai\vectorstore\filter\antlr4\FiltersParser$NinExpressionContext.class
org\springframework\ai\chat\prompt\ChatOptionsBuilder$ChatOptionsImpl.class
org\springframework\ai\chat\prompt\ChatOptionsBuilder.class
org\springframework\ai\embedding\EmbeddingResponseMetadata.class
org\springframework\ai\parser\BeanOutputParser.class
org\springframework\ai\model\function\FunctionCallback.class
org\springframework\ai\vectorstore\filter\antlr4\FiltersParser$WhereContext.class
org\springframework\ai\reader\JsonReader$1.class
org\springframework\ai\aot\AiRuntimeHints.class
org\springframework\ai\aot\KnuddelsRuntimeHints.class
org\springframework\ai\chat\metadata\ChatResponseMetadata.class
org\springframework\ai\vectorstore\filter\FilterHelper$1.class
org\springframework\ai\chat\prompt\SystemPromptTemplate.class
org\springframework\ai\parser\AbstractConversionServiceOutputParser.class
org\springframework\ai\transformer\splitter\TokenTextSplitter.class
org\springframework\ai\chat\ChatResponse.class
org\springframework\ai\chat\StreamingChatClient.class
org\springframework\ai\model\ModelOptionsUtils$1.class
org\springframework\ai\document\DocumentTransformer.class
org\springframework\ai\vectorstore\filter\Filter$Group.class
org\springframework\ai\chat\messages\AssistantMessage.class
org\springframework\ai\chat\metadata\Usage.class
org\springframework\ai\embedding\EmbeddingResultMetadata.class
org\springframework\ai\transformer\KeywordMetadataEnricher.class
org\springframework\ai\image\ImageOptionsBuilder$ImageModelOptionsImpl.class
org\springframework\ai\document\id\JdkSha256HexIdGenerator.class
org\springframework\ai\vectorstore\filter\antlr4\FiltersParser$AndExpressionContext.class
org\springframework\ai\chat\messages\UserMessage.class
org\springframework\ai\document\DefaultContentFormatter.class
org\springframework\ai\document\DocumentWriter.class
org\springframework\ai\document\DefaultContentFormatter$Builder.class
org\springframework\ai\vectorstore\filter\FilterExpressionConverter.class
org\springframework\ai\chat\metadata\ChatResponseMetadata$1.class
org\springframework\ai\image\ImageGenerationMetadata.class
org\springframework\ai\reader\EmptyJsonMetadataGenerator.class
org\springframework\ai\model\function\TypeResolverHelper.class
org\springframework\ai\transformer\splitter\TextSplitter.class
org\springframework\ai\image\ImageOptions.class
org\springframework\ai\transformer\ContentFormatTransformer.class
org\springframework\ai\document\DocumentRetriever.class
org\springframework\ai\chat\prompt\PromptTemplateChatActions.class
org\springframework\ai\aot\SpringAiCoreRuntimeHints.class
org\springframework\ai\vectorstore\SimpleVectorStore$Similarity.class
org\springframework\ai\writer\FileDocumentWriter.class
org\springframework\ai\vectorstore\filter\antlr4\FiltersParser$InExpressionContext.class
org\springframework\ai\vectorstore\SimpleVectorStore$1.class
org\springframework\ai\embedding\EmbeddingRequest.class
org\springframework\ai\image\ImageClient.class
org\springframework\ai\vectorstore\filter\antlr4\FiltersParser$BooleanConstantContext.class
org\springframework\ai\chat\messages\Message.class
org\springframework\ai\chat\metadata\PromptMetadata$PromptFilterMetadata.class
org\springframework\ai\document\id\RandomIdGenerator.class
org\springframework\ai\chat\prompt\FunctionPromptTemplate.class
org\springframework\ai\chat\prompt\AssistantPromptTemplate.class
org\springframework\ai\transformer\SummaryMetadataEnricher.class
org\springframework\ai\vectorstore\filter\antlr4\FiltersParser$GroupExpressionContext.class
org\springframework\ai\vectorstore\filter\antlr4\FiltersLexer.class
org\springframework\ai\parser\ListOutputParser.class
org\springframework\ai\vectorstore\filter\antlr4\FiltersParser.class
org\springframework\ai\vectorstore\filter\converter\PrintFilterExpressionConverter.class
org\springframework\ai\vectorstore\filter\FilterExpressionBuilder.class
org\springframework\ai\vectorstore\filter\antlr4\FiltersParser$ConstantArrayContext.class
org\springframework\ai\vectorstore\filter\Filter$Operand.class
org\springframework\ai\chat\prompt\Prompt.class
org\springframework\ai\image\ImageResponseMetadata.class
org\springframework\ai\image\ImageOptionsBuilder.class
org\springframework\ai\parser\FormatProvider.class
org\springframework\ai\document\id\IdGenerator.class
org\springframework\ai\model\ModelRequest.class
org\springframework\ai\vectorstore\filter\antlr4\FiltersParser$CompareExpressionContext.class
org\springframework\ai\vectorstore\filter\antlr4\FiltersParser$DecimalConstantContext.class
org\springframework\ai\chat\prompt\PromptTemplate.class
org\springframework\ai\vectorstore\filter\converter\ChromaFilterExpressionConverter.class
org\springframework\ai\vectorstore\filter\FilterExpressionTextParser$FilterExpressionVisitor.class
org\springframework\ai\model\ModelOptionsUtils.class
org\springframework\ai\vectorstore\SimpleVectorStore$EmbeddingMath.class
org\springframework\ai\vectorstore\filter\Filter$Expression.class
org\springframework\ai\vectorstore\SimpleVectorStore$2.class
org\springframework\ai\chat\metadata\EmptyRateLimit.class
org\springframework\ai\model\package-info.class
org\springframework\ai\chat\metadata\PromptMetadata$PromptFilterMetadata$1.class
org\springframework\ai\chat\metadata\ChatGenerationMetadata$1.class
org\springframework\ai\model\ResponseMetadata.class
org\springframework\ai\parser\AbstractMessageConverterOutputParser.class
org\springframework\ai\embedding\AbstractEmbeddingClient.class
org\springframework\ai\vectorstore\SearchRequest.class
org\springframework\ai\chat\prompt\PromptTemplateStringActions.class
org\springframework\ai\vectorstore\VectorStore.class
org\springframework\ai\transformer\SummaryMetadataEnricher$SummaryType.class
org\springframework\ai\vectorstore\filter\FilterExpressionTextParser.class
org\springframework\ai\vectorstore\filter\Filter$Value.class
org\springframework\ai\reader\ExtractedTextFormatter$Builder.class
org\springframework\ai\vectorstore\filter\converter\MilvusFilterExpressionConverter.class
org\springframework\ai\document\Document.class
org\springframework\ai\chat\metadata\EmptyUsage.class
org\springframework\ai\reader\JsonReader.class
org\springframework\ai\model\function\FunctionCallbackWrapper.class
org\springframework\ai\embedding\EmbeddingOptions.class
org\springframework\ai\embedding\EmbeddingResponse.class
org\springframework\ai\reader\ExtractedTextFormatter.class
org\springframework\ai\chat\metadata\ChatGenerationMetadata.class
org\springframework\ai\image\ImageMessage.class
org\springframework\ai\chat\metadata\RateLimit.class
org\springframework\ai\vectorstore\filter\FilterHelper.class
org\springframework\ai\chat\prompt\PromptTemplateMessageActions.class
org\springframework\ai\vectorstore\filter\converter\MilvusFilterExpressionConverter$1.class
org\springframework\ai\image\ImageResponseMetadata$1.class
org\springframework\ai\vectorstore\filter\converter\AbstractFilterExpressionConverter.class
org\springframework\ai\vectorstore\SimpleVectorStore.class
org\springframework\ai\image\ImageGeneration.class
org\springframework\ai\vectorstore\filter\antlr4\FiltersParser$IdentifierContext.class
org\springframework\ai\vectorstore\filter\antlr4\FiltersParser$IntegerConstantContext.class
org\springframework\ai\document\MetadataMode.class
org\springframework\ai\chat\messages\FunctionMessage.class
org\springframework\ai\model\ModelClient.class
org\springframework\ai\vectorstore\filter\antlr4\FiltersParser$OrExpressionContext.class
org\springframework\ai\vectorstore\filter\FilterExpressionBuilder$Op.class
org\springframework\ai\vectorstore\filter\antlr4\FiltersParser$BooleanExpressionContext.class
org\springframework\ai\chat\messages\AbstractMessage.class
org\springframework\ai\image\ImagePrompt.class
org\springframework\ai\model\function\FunctionCallbackContext.class
org\springframework\ai\model\ModelResponse.class
org\springframework\ai\image\ImageResponse.class
org\springframework\ai\vectorstore\filter\antlr4\FiltersBaseVisitor.class
org\springframework\ai\vectorstore\filter\antlr4\FiltersVisitor.class
org\springframework\ai\vectorstore\filter\antlr4\FiltersListener.class
org\springframework\ai\chat\messages\ChatMessage.class
org\springframework\ai\vectorstore\filter\Filter$ExpressionType.class
org\springframework\ai\embedding\Embedding.class
org\springframework\ai\vectorstore\filter\converter\PgVectorFilterExpressionConverter.class
org\springframework\ai\vectorstore\filter\converter\PineconeFilterExpressionConverter.class
org\springframework\ai\chat\messages\SystemMessage.class
org\springframework\ai\model\function\AbstractFunctionCallback.class
org\springframework\ai\vectorstore\filter\converter\PgVectorFilterExpressionConverter$1.class
org\springframework\ai\chat\prompt\ChatOptions.class
org\springframework\ai\chat\prompt\PromptTemplateActions.class
org\springframework\ai\vectorstore\filter\FilterExpressionTextParser$DescriptiveErrorListener.class
org\springframework\ai\image\Image.class
org\springframework\ai\chat\ChatClient.class
org\springframework\ai\embedding\EmbeddingOptions$EmptyEmbeddingOptions.class
org\springframework\ai\chat\package-info.class
org\springframework\ai\model\StreamingModelClient.class
org\springframework\ai\parser\OutputParser.class
org\springframework\ai\chat\prompt\ChatPromptTemplate.class
org\springframework\ai\ResourceUtils.class
org\springframework\ai\reader\JsonMetadataGenerator.class
org\springframework\ai\vectorstore\filter\FilterExpressionTextParser$FilterExpressionParseException.class
org\springframework\ai\vectorstore\filter\antlr4\FiltersParser$NotExpressionContext.class
org\springframework\ai\model\ResultMetadata.class
org\springframework\ai\reader\TextReader.class
org\springframework\ai\model\ModelOptions.class
org\springframework\ai\vectorstore\filter\Filter$Key.class
org\springframework\ai\document\ContentFormatter.class
org\springframework\ai\parser\Parser.class
org\springframework\ai\vectorstore\filter\antlr4\FiltersBaseListener.class
org\springframework\ai\embedding\EmbeddingClient.class
org\springframework\ai\chat\Generation.class
org\springframework\ai\chat\prompt\TemplateFormat.class
org\springframework\ai\parser\MapOutputParser.class
