C:\work\workspaces_2023-06\ai\autoTDD\spring-ai\spring-ai-core\src\main\java\org\springframework\ai\model\ModelClient.java
C:\work\workspaces_2023-06\ai\autoTDD\spring-ai\spring-ai-core\src\main\java\org\springframework\ai\chat\package-info.java
C:\work\workspaces_2023-06\ai\autoTDD\spring-ai\spring-ai-core\src\main\java\org\springframework\ai\chat\messages\FunctionMessage.java
C:\work\workspaces_2023-06\ai\autoTDD\spring-ai\spring-ai-core\src\main\java\org\springframework\ai\chat\prompt\Prompt.java
C:\work\workspaces_2023-06\ai\autoTDD\spring-ai\spring-ai-core\src\main\java\org\springframework\ai\vectorstore\filter\antlr4\FiltersParser.java
C:\work\workspaces_2023-06\ai\autoTDD\spring-ai\spring-ai-core\src\main\java\org\springframework\ai\embedding\AbstractEmbeddingClient.java
C:\work\workspaces_2023-06\ai\autoTDD\spring-ai\spring-ai-core\src\main\java\org\springframework\ai\parser\OutputParser.java
C:\work\workspaces_2023-06\ai\autoTDD\spring-ai\spring-ai-core\src\main\java\org\springframework\ai\vectorstore\filter\antlr4\FiltersListener.java
C:\work\workspaces_2023-06\ai\autoTDD\spring-ai\spring-ai-core\src\main\java\org\springframework\ai\chat\prompt\PromptTemplateStringActions.java
C:\work\workspaces_2023-06\ai\autoTDD\spring-ai\spring-ai-core\src\main\java\org\springframework\ai\image\ImageResponse.java
C:\work\workspaces_2023-06\ai\autoTDD\spring-ai\spring-ai-core\src\main\java\org\springframework\ai\chat\ChatResponse.java
C:\work\workspaces_2023-06\ai\autoTDD\spring-ai\spring-ai-core\src\main\java\org\springframework\ai\model\function\AbstractFunctionCallback.java
C:\work\workspaces_2023-06\ai\autoTDD\spring-ai\spring-ai-core\src\main\java\org\springframework\ai\transformer\ContentFormatTransformer.java
C:\work\workspaces_2023-06\ai\autoTDD\spring-ai\spring-ai-core\src\main\java\org\springframework\ai\vectorstore\filter\FilterExpressionBuilder.java
C:\work\workspaces_2023-06\ai\autoTDD\spring-ai\spring-ai-core\src\main\java\org\springframework\ai\vectorstore\filter\Filter.java
C:\work\workspaces_2023-06\ai\autoTDD\spring-ai\spring-ai-core\src\main\java\org\springframework\ai\vectorstore\filter\antlr4\FiltersBaseListener.java
C:\work\workspaces_2023-06\ai\autoTDD\spring-ai\spring-ai-core\src\main\java\org\springframework\ai\chat\messages\SystemMessage.java
C:\work\workspaces_2023-06\ai\autoTDD\spring-ai\spring-ai-core\src\main\java\org\springframework\ai\model\ModelOptionsUtils.java
C:\work\workspaces_2023-06\ai\autoTDD\spring-ai\spring-ai-core\src\main\java\org\springframework\ai\document\MetadataMode.java
C:\work\workspaces_2023-06\ai\autoTDD\spring-ai\spring-ai-core\src\main\java\org\springframework\ai\image\ImageClient.java
C:\work\workspaces_2023-06\ai\autoTDD\spring-ai\spring-ai-core\src\main\java\org\springframework\ai\writer\FileDocumentWriter.java
C:\work\workspaces_2023-06\ai\autoTDD\spring-ai\spring-ai-core\src\main\java\org\springframework\ai\chat\metadata\RateLimit.java
C:\work\workspaces_2023-06\ai\autoTDD\spring-ai\spring-ai-core\src\main\java\org\springframework\ai\chat\prompt\PromptTemplateActions.java
C:\work\workspaces_2023-06\ai\autoTDD\spring-ai\spring-ai-core\src\main\java\org\springframework\ai\chat\prompt\PromptTemplateMessageActions.java
C:\work\workspaces_2023-06\ai\autoTDD\spring-ai\spring-ai-core\src\main\java\org\springframework\ai\ResourceUtils.java
C:\work\workspaces_2023-06\ai\autoTDD\spring-ai\spring-ai-core\src\main\java\org\springframework\ai\chat\messages\MessageType.java
C:\work\workspaces_2023-06\ai\autoTDD\spring-ai\spring-ai-core\src\main\java\org\springframework\ai\reader\TextReader.java
C:\work\workspaces_2023-06\ai\autoTDD\spring-ai\spring-ai-core\src\main\java\org\springframework\ai\model\ModelRequest.java
C:\work\workspaces_2023-06\ai\autoTDD\spring-ai\spring-ai-core\src\main\java\org\springframework\ai\chat\messages\AssistantMessage.java
C:\work\workspaces_2023-06\ai\autoTDD\spring-ai\spring-ai-core\src\main\java\org\springframework\ai\chat\metadata\ChatResponseMetadata.java
C:\work\workspaces_2023-06\ai\autoTDD\spring-ai\spring-ai-core\src\main\java\org\springframework\ai\aot\KnuddelsRuntimeHints.java
C:\work\workspaces_2023-06\ai\autoTDD\spring-ai\spring-ai-core\src\main\java\org\springframework\ai\document\id\IdGenerator.java
C:\work\workspaces_2023-06\ai\autoTDD\spring-ai\spring-ai-core\src\main\java\org\springframework\ai\vectorstore\VectorStore.java
C:\work\workspaces_2023-06\ai\autoTDD\spring-ai\spring-ai-core\src\main\java\org\springframework\ai\chat\prompt\TemplateFormat.java
C:\work\workspaces_2023-06\ai\autoTDD\spring-ai\spring-ai-core\src\main\java\org\springframework\ai\model\function\FunctionCallbackContext.java
C:\work\workspaces_2023-06\ai\autoTDD\spring-ai\spring-ai-core\src\main\java\org\springframework\ai\chat\metadata\EmptyUsage.java
C:\work\workspaces_2023-06\ai\autoTDD\spring-ai\spring-ai-core\src\main\java\org\springframework\ai\model\package-info.java
C:\work\workspaces_2023-06\ai\autoTDD\spring-ai\spring-ai-core\src\main\java\org\springframework\ai\vectorstore\filter\converter\ChromaFilterExpressionConverter.java
C:\work\workspaces_2023-06\ai\autoTDD\spring-ai\spring-ai-core\src\main\java\org\springframework\ai\chat\prompt\AssistantPromptTemplate.java
C:\work\workspaces_2023-06\ai\autoTDD\spring-ai\spring-ai-core\src\main\java\org\springframework\ai\vectorstore\filter\converter\AbstractFilterExpressionConverter.java
C:\work\workspaces_2023-06\ai\autoTDD\spring-ai\spring-ai-core\src\main\java\org\springframework\ai\reader\ExtractedTextFormatter.java
C:\work\workspaces_2023-06\ai\autoTDD\spring-ai\spring-ai-core\src\main\java\org\springframework\ai\chat\prompt\PromptTemplate.java
C:\work\workspaces_2023-06\ai\autoTDD\spring-ai\spring-ai-core\src\main\java\org\springframework\ai\chat\metadata\ChatGenerationMetadata.java
C:\work\workspaces_2023-06\ai\autoTDD\spring-ai\spring-ai-core\src\main\java\org\springframework\ai\model\StreamingModelClient.java
C:\work\workspaces_2023-06\ai\autoTDD\spring-ai\spring-ai-core\src\main\java\org\springframework\ai\parser\BeanOutputParser.java
C:\work\workspaces_2023-06\ai\autoTDD\spring-ai\spring-ai-core\src\main\java\org\springframework\ai\document\id\JdkSha256HexIdGenerator.java
C:\work\workspaces_2023-06\ai\autoTDD\spring-ai\spring-ai-core\src\main\java\org\springframework\ai\model\ResponseMetadata.java
C:\work\workspaces_2023-06\ai\autoTDD\spring-ai\spring-ai-core\src\main\java\org\springframework\ai\document\Document.java
C:\work\workspaces_2023-06\ai\autoTDD\spring-ai\spring-ai-core\src\main\java\org\springframework\ai\image\ImagePrompt.java
C:\work\workspaces_2023-06\ai\autoTDD\spring-ai\spring-ai-core\src\main\java\org\springframework\ai\image\ImageMessage.java
C:\work\workspaces_2023-06\ai\autoTDD\spring-ai\spring-ai-core\src\main\java\org\springframework\ai\model\function\TypeResolverHelper.java
C:\work\workspaces_2023-06\ai\autoTDD\spring-ai\spring-ai-core\src\main\java\org\springframework\ai\chat\metadata\EmptyRateLimit.java
C:\work\workspaces_2023-06\ai\autoTDD\spring-ai\spring-ai-core\src\main\java\org\springframework\ai\model\function\FunctionCallback.java
C:\work\workspaces_2023-06\ai\autoTDD\spring-ai\spring-ai-core\src\main\java\org\springframework\ai\parser\Parser.java
C:\work\workspaces_2023-06\ai\autoTDD\spring-ai\spring-ai-core\src\main\java\org\springframework\ai\parser\AbstractMessageConverterOutputParser.java
C:\work\workspaces_2023-06\ai\autoTDD\spring-ai\spring-ai-core\src\main\java\org\springframework\ai\chat\ChatClient.java
C:\work\workspaces_2023-06\ai\autoTDD\spring-ai\spring-ai-core\src\main\java\org\springframework\ai\chat\prompt\SystemPromptTemplate.java
C:\work\workspaces_2023-06\ai\autoTDD\spring-ai\spring-ai-core\src\main\java\org\springframework\ai\transformer\SummaryMetadataEnricher.java
C:\work\workspaces_2023-06\ai\autoTDD\spring-ai\spring-ai-core\src\main\java\org\springframework\ai\parser\ListOutputParser.java
C:\work\workspaces_2023-06\ai\autoTDD\spring-ai\spring-ai-core\src\main\java\org\springframework\ai\model\ModelResponse.java
C:\work\workspaces_2023-06\ai\autoTDD\spring-ai\spring-ai-core\src\main\java\org\springframework\ai\embedding\EmbeddingResultMetadata.java
C:\work\workspaces_2023-06\ai\autoTDD\spring-ai\spring-ai-core\src\main\java\org\springframework\ai\image\ImageResponseMetadata.java
C:\work\workspaces_2023-06\ai\autoTDD\spring-ai\spring-ai-core\src\main\java\org\springframework\ai\vectorstore\SimpleVectorStore.java
C:\work\workspaces_2023-06\ai\autoTDD\spring-ai\spring-ai-core\src\main\java\org\springframework\ai\document\DocumentWriter.java
C:\work\workspaces_2023-06\ai\autoTDD\spring-ai\spring-ai-core\src\main\java\org\springframework\ai\transformer\splitter\TextSplitter.java
C:\work\workspaces_2023-06\ai\autoTDD\spring-ai\spring-ai-core\src\main\java\org\springframework\ai\parser\FormatProvider.java
C:\work\workspaces_2023-06\ai\autoTDD\spring-ai\spring-ai-core\src\main\java\org\springframework\ai\model\ResultMetadata.java
C:\work\workspaces_2023-06\ai\autoTDD\spring-ai\spring-ai-core\src\main\java\org\springframework\ai\vectorstore\filter\FilterHelper.java
C:\work\workspaces_2023-06\ai\autoTDD\spring-ai\spring-ai-core\src\main\java\org\springframework\ai\document\DocumentReader.java
C:\work\workspaces_2023-06\ai\autoTDD\spring-ai\spring-ai-core\src\main\java\org\springframework\ai\embedding\EmbeddingRequest.java
C:\work\workspaces_2023-06\ai\autoTDD\spring-ai\spring-ai-core\src\main\java\org\springframework\ai\chat\metadata\Usage.java
C:\work\workspaces_2023-06\ai\autoTDD\spring-ai\spring-ai-core\src\main\java\org\springframework\ai\model\function\FunctionCallbackWrapper.java
C:\work\workspaces_2023-06\ai\autoTDD\spring-ai\spring-ai-core\src\main\java\org\springframework\ai\image\ImageOptions.java
C:\work\workspaces_2023-06\ai\autoTDD\spring-ai\spring-ai-core\src\main\java\org\springframework\ai\document\id\RandomIdGenerator.java
C:\work\workspaces_2023-06\ai\autoTDD\spring-ai\spring-ai-core\src\main\java\org\springframework\ai\image\ImageOptionsBuilder.java
C:\work\workspaces_2023-06\ai\autoTDD\spring-ai\spring-ai-core\src\main\java\org\springframework\ai\vectorstore\filter\antlr4\FiltersLexer.java
C:\work\workspaces_2023-06\ai\autoTDD\spring-ai\spring-ai-core\src\main\java\org\springframework\ai\embedding\EmbeddingResponseMetadata.java
C:\work\workspaces_2023-06\ai\autoTDD\spring-ai\spring-ai-core\src\main\java\org\springframework\ai\transformer\KeywordMetadataEnricher.java
C:\work\workspaces_2023-06\ai\autoTDD\spring-ai\spring-ai-core\src\main\java\org\springframework\ai\model\ModelResult.java
C:\work\workspaces_2023-06\ai\autoTDD\spring-ai\spring-ai-core\src\main\java\org\springframework\ai\vectorstore\filter\converter\PrintFilterExpressionConverter.java
C:\work\workspaces_2023-06\ai\autoTDD\spring-ai\spring-ai-core\src\main\java\org\springframework\ai\chat\prompt\ChatOptionsBuilder.java
C:\work\workspaces_2023-06\ai\autoTDD\spring-ai\spring-ai-core\src\main\java\org\springframework\ai\image\ImageGeneration.java
C:\work\workspaces_2023-06\ai\autoTDD\spring-ai\spring-ai-core\src\main\java\org\springframework\ai\aot\SpringAiCoreRuntimeHints.java
C:\work\workspaces_2023-06\ai\autoTDD\spring-ai\spring-ai-core\src\main\java\org\springframework\ai\reader\EmptyJsonMetadataGenerator.java
C:\work\workspaces_2023-06\ai\autoTDD\spring-ai\spring-ai-core\src\main\java\org\springframework\ai\chat\prompt\PromptTemplateChatActions.java
C:\work\workspaces_2023-06\ai\autoTDD\spring-ai\spring-ai-core\src\main\java\org\springframework\ai\document\DocumentRetriever.java
C:\work\workspaces_2023-06\ai\autoTDD\spring-ai\spring-ai-core\src\main\java\org\springframework\ai\document\ContentFormatter.java
C:\work\workspaces_2023-06\ai\autoTDD\spring-ai\spring-ai-core\src\main\java\org\springframework\ai\chat\metadata\PromptMetadata.java
C:\work\workspaces_2023-06\ai\autoTDD\spring-ai\spring-ai-core\src\main\java\org\springframework\ai\document\DocumentTransformer.java
C:\work\workspaces_2023-06\ai\autoTDD\spring-ai\spring-ai-core\src\main\java\org\springframework\ai\chat\messages\Message.java
C:\work\workspaces_2023-06\ai\autoTDD\spring-ai\spring-ai-core\src\main\java\org\springframework\ai\chat\prompt\ChatOptions.java
C:\work\workspaces_2023-06\ai\autoTDD\spring-ai\spring-ai-core\src\main\java\org\springframework\ai\vectorstore\filter\converter\MilvusFilterExpressionConverter.java
C:\work\workspaces_2023-06\ai\autoTDD\spring-ai\spring-ai-core\src\main\java\org\springframework\ai\vectorstore\SearchRequest.java
C:\work\workspaces_2023-06\ai\autoTDD\spring-ai\spring-ai-core\src\main\java\org\springframework\ai\chat\prompt\FunctionPromptTemplate.java
C:\work\workspaces_2023-06\ai\autoTDD\spring-ai\spring-ai-core\src\main\java\org\springframework\ai\chat\StreamingChatClient.java
C:\work\workspaces_2023-06\ai\autoTDD\spring-ai\spring-ai-core\src\main\java\org\springframework\ai\embedding\EmbeddingOptions.java
C:\work\workspaces_2023-06\ai\autoTDD\spring-ai\spring-ai-core\src\main\java\org\springframework\ai\embedding\EmbeddingResponse.java
C:\work\workspaces_2023-06\ai\autoTDD\spring-ai\spring-ai-core\src\main\java\org\springframework\ai\vectorstore\filter\antlr4\FiltersVisitor.java
C:\work\workspaces_2023-06\ai\autoTDD\spring-ai\spring-ai-core\src\main\java\org\springframework\ai\chat\messages\AbstractMessage.java
C:\work\workspaces_2023-06\ai\autoTDD\spring-ai\spring-ai-core\src\main\java\org\springframework\ai\document\DefaultContentFormatter.java
C:\work\workspaces_2023-06\ai\autoTDD\spring-ai\spring-ai-core\src\main\java\org\springframework\ai\embedding\EmbeddingClient.java
C:\work\workspaces_2023-06\ai\autoTDD\spring-ai\spring-ai-core\src\main\java\org\springframework\ai\reader\JsonMetadataGenerator.java
C:\work\workspaces_2023-06\ai\autoTDD\spring-ai\spring-ai-core\src\main\java\org\springframework\ai\chat\Generation.java
C:\work\workspaces_2023-06\ai\autoTDD\spring-ai\spring-ai-core\src\main\java\org\springframework\ai\chat\prompt\ChatPromptTemplate.java
C:\work\workspaces_2023-06\ai\autoTDD\spring-ai\spring-ai-core\src\main\java\org\springframework\ai\image\ImageGenerationMetadata.java
C:\work\workspaces_2023-06\ai\autoTDD\spring-ai\spring-ai-core\src\main\java\org\springframework\ai\chat\messages\ChatMessage.java
C:\work\workspaces_2023-06\ai\autoTDD\spring-ai\spring-ai-core\src\main\java\org\springframework\ai\vectorstore\filter\FilterExpressionConverter.java
C:\work\workspaces_2023-06\ai\autoTDD\spring-ai\spring-ai-core\src\main\java\org\springframework\ai\vectorstore\filter\antlr4\FiltersBaseVisitor.java
C:\work\workspaces_2023-06\ai\autoTDD\spring-ai\spring-ai-core\src\main\java\org\springframework\ai\transformer\splitter\TokenTextSplitter.java
C:\work\workspaces_2023-06\ai\autoTDD\spring-ai\spring-ai-core\src\main\java\org\springframework\ai\vectorstore\filter\converter\PineconeFilterExpressionConverter.java
C:\work\workspaces_2023-06\ai\autoTDD\spring-ai\spring-ai-core\src\main\java\org\springframework\ai\chat\messages\UserMessage.java
C:\work\workspaces_2023-06\ai\autoTDD\spring-ai\spring-ai-core\src\main\java\org\springframework\ai\parser\AbstractConversionServiceOutputParser.java
C:\work\workspaces_2023-06\ai\autoTDD\spring-ai\spring-ai-core\src\main\java\org\springframework\ai\image\Image.java
C:\work\workspaces_2023-06\ai\autoTDD\spring-ai\spring-ai-core\src\main\java\org\springframework\ai\parser\MapOutputParser.java
C:\work\workspaces_2023-06\ai\autoTDD\spring-ai\spring-ai-core\src\main\java\org\springframework\ai\reader\JsonReader.java
C:\work\workspaces_2023-06\ai\autoTDD\spring-ai\spring-ai-core\src\main\java\org\springframework\ai\aot\AiRuntimeHints.java
C:\work\workspaces_2023-06\ai\autoTDD\spring-ai\spring-ai-core\src\main\java\org\springframework\ai\model\ModelOptions.java
C:\work\workspaces_2023-06\ai\autoTDD\spring-ai\spring-ai-core\src\main\java\org\springframework\ai\vectorstore\filter\converter\PgVectorFilterExpressionConverter.java
C:\work\workspaces_2023-06\ai\autoTDD\spring-ai\spring-ai-core\src\main\java\org\springframework\ai\embedding\Embedding.java
C:\work\workspaces_2023-06\ai\autoTDD\spring-ai\spring-ai-core\src\main\java\org\springframework\ai\vectorstore\filter\FilterExpressionTextParser.java
